The target system is: Linux -  - 
The host system is: Linux - 5.15.0-91-generic - x86_64
Compiling the C compiler identification source file "CMakeCCompilerId.c" succeeded.
Compiler: /home/vova_ubuntu/padavan-ng/trunk/../toolchain/out/bin/mipsel-linux-uclibc-gcc 
Build flags: -Os;-fomit-frame-pointer;-fno-stack-protector;-femit-struct-debug-baseonly;-fno-var-tracking;-pipe;-DEMBED;-I/home/vova_ubuntu/padavan-ng/trunk/stage/include;-Dlinux;-D__linux__;-Dunix;-Wall;-Wno-trigraphs;-Wno-strict-aliasing;-Wno-format-security;-Wno-unused-but-set-variable;-Wno-unused-const-variable;-Wno-format-truncation;-Wno-format-overflow;-Wno-misleading-indentation;-fconserve-stack;-fno-strict-overflow;-fno-var-tracking-assignments;-fno-merge-all-constants;-fmerge-constants;-fno-stack-check;-fno-delete-null-pointer-checks;-Wno-pointer-sign;-ffunction-sections;-fdata-sections
Id flags:  

The output was:
0


Compilation of the C compiler identification source "CMakeCCompilerId.c" produced "a.out"

The C compiler identification is GNU, found in "/home/vova_ubuntu/padavan-ng/trunk/libs/libz/zlib-1.3.1/build/CMakeFiles/3.22.1/CompilerIdC/a.out"

Detecting C compiler ABI info compiled with the following output:
Change Dir: /home/vova_ubuntu/padavan-ng/trunk/libs/libz/zlib-1.3.1/build/CMakeFiles/CMakeTmp

Run Build Command(s):/usr/bin/gmake -f Makefile cmTC_5bb80/fast && gmake[4]: Entering directory '/home/vova_ubuntu/padavan-ng/trunk/libs/libz/zlib-1.3.1/build/CMakeFiles/CMakeTmp'
/usr/bin/gmake  -f CMakeFiles/cmTC_5bb80.dir/build.make CMakeFiles/cmTC_5bb80.dir/build
gmake[5]: Entering directory '/home/vova_ubuntu/padavan-ng/trunk/libs/libz/zlib-1.3.1/build/CMakeFiles/CMakeTmp'
Building C object CMakeFiles/cmTC_5bb80.dir/CMakeCCompilerABI.c.o
/home/vova_ubuntu/padavan-ng/trunk/../toolchain/out/bin/mipsel-linux-uclibc-gcc   -Os -fomit-frame-pointer -fno-stack-protector -femit-struct-debug-baseonly -fno-var-tracking -pipe -DEMBED -I/home/vova_ubuntu/padavan-ng/trunk/stage/include -Dlinux -D__linux__ -Dunix -Wall -Wno-trigraphs -Wno-strict-aliasing -Wno-format-security -Wno-unused-but-set-variable -Wno-unused-const-variable -Wno-format-truncation -Wno-format-overflow -Wno-misleading-indentation -fconserve-stack -fno-strict-overflow -fno-var-tracking-assignments -fno-merge-all-constants -fmerge-constants -fno-stack-check -fno-delete-null-pointer-checks -Wno-pointer-sign -ffunction-sections -fdata-sections    -mips32r2 -march=mips32r2 -mtune=24kec -Os -fomit-frame-pointer -fno-stack-protector -femit-struct-debug-baseonly -fno-var-tracking -pipe -DEMBED -I/home/vova_ubuntu/padavan-ng/trunk/stage/include -Dlinux -D__linux__ -Dunix -Wall -Wno-trigraphs -Wno-strict-aliasing -Wno-format-security -Wno-unused-but-set-variable -Wno-unused-const-variable -Wno-format-truncation -Wno-format-overflow -Wno-misleading-indentation -fconserve-stack -fno-strict-overflow -fno-var-tracking-assignments -fno-merge-all-constants -fmerge-constants -fno-stack-check -fno-delete-null-pointer-checks -Wno-pointer-sign -ffunction-sections -fdata-sections -L/home/vova_ubuntu/padavan-ng/trunk/stage/lib -Wl,--gc-sections -v -o CMakeFiles/cmTC_5bb80.dir/CMakeCCompilerABI.c.o -c /usr/share/cmake-3.22/Modules/CMakeCCompilerABI.c
Using built-in specs.
COLLECT_GCC=/home/vova_ubuntu/padavan-ng/trunk/../toolchain/out/bin/mipsel-linux-uclibc-gcc
Target: mipsel-linux-uclibc
Configured with: /home/vova_ubuntu/padavan-ng/toolchain/.build/mipsel-linux-uclibc/src/gcc/configure --build=x86_64-build_pc-linux-gnu --host=x86_64-build_pc-linux-gnu --target=mipsel-linux-uclibc --prefix=/home/vova_ubuntu/padavan-ng/toolchain/out --with-sysroot=/home/vova_ubuntu/padavan-ng/toolchain/out/mipsel-linux-uclibc/sysroot --enable-languages=c,c++ --with-abi=32 --with-tune=mips32r2 --with-float=hard --with-pkgversion='crosstool-NG MIPS32' --with-bugurl=https://gitlab.com/hadzhioglu/padavan-ng/issues --enable-__cxa_atexit --disable-libmudflap --disable-libgomp --disable-libssp --disable-libquadmath --disable-libquadmath-support --disable-libsanitizer --disable-libmpx --with-gmp=/home/vova_ubuntu/padavan-ng/toolchain/.build/mipsel-linux-uclibc/buildtools --with-mpfr=/home/vova_ubuntu/padavan-ng/toolchain/.build/mipsel-linux-uclibc/buildtools --with-mpc=/home/vova_ubuntu/padavan-ng/toolchain/.build/mipsel-linux-uclibc/buildtools --with-isl=no --with-cloog=no --disable-lto --with-host-libstdcxx='-static-libgcc -Wl,-Bstatic,-lstdc++,-Bdynamic -lm' --enable-threads=posix --enable-target-optspace --disable-plugin --disable-nls --enable-tls --disable-multilib --with-local-prefix=/home/vova_ubuntu/padavan-ng/toolchain/out/mipsel-linux-uclibc/sysroot --enable-long-long --with-gnu-ld
Thread model: posix
gcc version 7.5.0 (crosstool-NG MIPS32) 
COLLECT_GCC_OPTIONS='-Os' '-pipe' '-D' 'EMBED' '-I' '/home/vova_ubuntu/padavan-ng/trunk/stage/include' '-D' 'linux' '-D' '__linux__' '-D' 'unix' '-Wunused-const-variable=0' '-Wformat-truncation=0' '-Wformat-overflow=0' '-fstack-check=no' '-mips32r2' '-march=mips32r2' '-mtune=24kec' '-Os' '-fomit-frame-pointer' '-fno-stack-protector' '-femit-struct-debug-baseonly' '-fno-var-tracking' '-pipe' '-D' 'EMBED' '-I' '/home/vova_ubuntu/padavan-ng/trunk/stage/include' '-D' 'linux' '-D' '__linux__' '-D' 'unix' '-Wall' '-Wno-trigraphs' '-Wno-strict-aliasing' '-Wno-format-security' '-Wno-unused-but-set-variable' '-Wunused-const-variable=0' '-Wformat-truncation=0' '-Wformat-overflow=0' '-Wno-misleading-indentation' '-fconserve-stack' '-fno-strict-overflow' '-fno-var-tracking-assignments' '-fno-merge-all-constants' '-fmerge-constants' '-fstack-check=no' '-fno-delete-null-pointer-checks' '-Wno-pointer-sign' '-ffunction-sections' '-fdata-sections' '-L/home/vova_ubuntu/padavan-ng/trunk/stage/lib' '-v' '-o' 'CMakeFiles/cmTC_5bb80.dir/CMakeCCompilerABI.c.o' '-c' '-mabi=32' '-mhard-float' '-mllsc' '-mno-shared' '-EL'
 /home/vova_ubuntu/padavan-ng/toolchain/out/libexec/gcc/mipsel-linux-uclibc/7.5.0/cc1 -quiet -v -I /home/vova_ubuntu/padavan-ng/trunk/stage/include -I /home/vova_ubuntu/padavan-ng/trunk/stage/include -D EMBED -D linux -D __linux__ -D unix -D EMBED -D linux -D __linux__ -D unix /usr/share/cmake-3.22/Modules/CMakeCCompilerABI.c -mel -quiet -dumpbase CMakeCCompilerABI.c -mips32r2 -march=mips32r2 -mtune=24kec -mabi=32 -mhard-float -mllsc -mno-shared -auxbase-strip CMakeFiles/cmTC_5bb80.dir/CMakeCCompilerABI.c.o -Os -Os -Wunused-const-variable=0 -Wformat-truncation=0 -Wformat-overflow=0 -Wall -Wno-trigraphs -Wno-strict-aliasing -Wno-format-security -Wno-unused-but-set-variable -Wunused-const-variable=0 -Wformat-truncation=0 -Wformat-overflow=0 -Wno-misleading-indentation -Wno-pointer-sign -version -fstack-check=no -fomit-frame-pointer -fno-stack-protector -femit-struct-debug-baseonly -fno-var-tracking -fconserve-stack -fno-strict-overflow -fno-var-tracking-assignments -fno-merge-all-constants -fmerge-constants -fstack-check=no -fno-delete-null-pointer-checks -ffunction-sections -fdata-sections -o - |
 /home/vova_ubuntu/padavan-ng/toolchain/out/lib/gcc/mipsel-linux-uclibc/7.5.0/../../../../mipsel-linux-uclibc/bin/as -v -I /home/vova_ubuntu/padavan-ng/trunk/stage/include -I /home/vova_ubuntu/padavan-ng/trunk/stage/include -EL -mips32r2 -O2 -no-mdebug -mabi=32 -march=mips32r2 -mno-shared -mtune=24kec -mhard-float -KPIC -o CMakeFiles/cmTC_5bb80.dir/CMakeCCompilerABI.c.o
GNU assembler version 2.41 (mipsel-linux-uclibc) using BFD version (crosstool-NG MIPS32) 2.41
GNU C11 (crosstool-NG MIPS32) version 7.5.0 (mipsel-linux-uclibc)
	compiled by GNU C version 11.4.0, GMP version 6.2.1, MPFR version 4.2.1, MPC version 1.3.1, isl version none
GGC heuristics: --param ggc-min-expand=100 --param ggc-min-heapsize=131072
ignoring nonexistent directory "/home/vova_ubuntu/padavan-ng/toolchain/out/mipsel-linux-uclibc/sysroot/home/vova_ubuntu/padavan-ng/toolchain/out/mipsel-linux-uclibc/sysroot/include"
ignoring nonexistent directory "/home/vova_ubuntu/padavan-ng/trunk/stage/include"
ignoring nonexistent directory "/home/vova_ubuntu/padavan-ng/trunk/stage/include"
#include "..." search starts here:
#include <...> search starts here:
 /home/vova_ubuntu/padavan-ng/toolchain/out/lib/gcc/mipsel-linux-uclibc/7.5.0/include
 /home/vova_ubuntu/padavan-ng/toolchain/out/lib/gcc/mipsel-linux-uclibc/7.5.0/include-fixed
 /home/vova_ubuntu/padavan-ng/toolchain/out/lib/gcc/mipsel-linux-uclibc/7.5.0/../../../../mipsel-linux-uclibc/include
 /home/vova_ubuntu/padavan-ng/toolchain/out/mipsel-linux-uclibc/sysroot/usr/include
End of search list.
GNU C11 (crosstool-NG MIPS32) version 7.5.0 (mipsel-linux-uclibc)
	compiled by GNU C version 11.4.0, GMP version 6.2.1, MPFR version 4.2.1, MPC version 1.3.1, isl version none
GGC heuristics: --param ggc-min-expand=100 --param ggc-min-heapsize=131072
Compiler executable checksum: a7b8f62b00b514d3a41e19fc6d59f7c4
COMPILER_PATH=/home/vova_ubuntu/padavan-ng/toolchain/out/libexec/gcc/mipsel-linux-uclibc/7.5.0/:/home/vova_ubuntu/padavan-ng/toolchain/out/libexec/gcc/mipsel-linux-uclibc/7.5.0/:/home/vova_ubuntu/padavan-ng/toolchain/out/libexec/gcc/mipsel-linux-uclibc/:/home/vova_ubuntu/padavan-ng/toolchain/out/lib/gcc/mipsel-linux-uclibc/7.5.0/:/home/vova_ubuntu/padavan-ng/toolchain/out/lib/gcc/mipsel-linux-uclibc/:/home/vova_ubuntu/padavan-ng/toolchain/out/lib/gcc/mipsel-linux-uclibc/7.5.0/../../../../mipsel-linux-uclibc/bin/
LIBRARY_PATH=/home/vova_ubuntu/padavan-ng/toolchain/out/lib/gcc/mipsel-linux-uclibc/7.5.0/:/home/vova_ubuntu/padavan-ng/toolchain/out/lib/gcc/mipsel-linux-uclibc/7.5.0/../../../../mipsel-linux-uclibc/lib/:/home/vova_ubuntu/padavan-ng/toolchain/out/mipsel-linux-uclibc/sysroot/lib/:/home/vova_ubuntu/padavan-ng/toolchain/out/mipsel-linux-uclibc/sysroot/usr/lib/
COLLECT_GCC_OPTIONS='-Os' '-pipe' '-D' 'EMBED' '-I' '/home/vova_ubuntu/padavan-ng/trunk/stage/include' '-D' 'linux' '-D' '__linux__' '-D' 'unix' '-Wunused-const-variable=0' '-Wformat-truncation=0' '-Wformat-overflow=0' '-fstack-check=no' '-mips32r2' '-march=mips32r2' '-mtune=24kec' '-Os' '-fomit-frame-pointer' '-fno-stack-protector' '-femit-struct-debug-baseonly' '-fno-var-tracking' '-pipe' '-D' 'EMBED' '-I' '/home/vova_ubuntu/padavan-ng/trunk/stage/include' '-D' 'linux' '-D' '__linux__' '-D' 'unix' '-Wall' '-Wno-trigraphs' '-Wno-strict-aliasing' '-Wno-format-security' '-Wno-unused-but-set-variable' '-Wunused-const-variable=0' '-Wformat-truncation=0' '-Wformat-overflow=0' '-Wno-misleading-indentation' '-fconserve-stack' '-fno-strict-overflow' '-fno-var-tracking-assignments' '-fno-merge-all-constants' '-fmerge-constants' '-fstack-check=no' '-fno-delete-null-pointer-checks' '-Wno-pointer-sign' '-ffunction-sections' '-fdata-sections' '-L/home/vova_ubuntu/padavan-ng/trunk/stage/lib' '-v' '-o' 'CMakeFiles/cmTC_5bb80.dir/CMakeCCompilerABI.c.o' '-c' '-mabi=32' '-mhard-float' '-mllsc' '-mno-shared' '-EL'
Linking C executable cmTC_5bb80
/usr/bin/cmake -E cmake_link_script CMakeFiles/cmTC_5bb80.dir/link.txt --verbose=1
/home/vova_ubuntu/padavan-ng/trunk/../toolchain/out/bin/mipsel-linux-uclibc-gcc -Os -fomit-frame-pointer -fno-stack-protector -femit-struct-debug-baseonly -fno-var-tracking -pipe -DEMBED -I/home/vova_ubuntu/padavan-ng/trunk/stage/include -Dlinux -D__linux__ -Dunix -Wall -Wno-trigraphs -Wno-strict-aliasing -Wno-format-security -Wno-unused-but-set-variable -Wno-unused-const-variable -Wno-format-truncation -Wno-format-overflow -Wno-misleading-indentation -fconserve-stack -fno-strict-overflow -fno-var-tracking-assignments -fno-merge-all-constants -fmerge-constants -fno-stack-check -fno-delete-null-pointer-checks -Wno-pointer-sign -ffunction-sections -fdata-sections  -L/home/vova_ubuntu/padavan-ng/trunk/stage/lib -Wl,--gc-sections -v CMakeFiles/cmTC_5bb80.dir/CMakeCCompilerABI.c.o -o cmTC_5bb80 
Using built-in specs.
COLLECT_GCC=/home/vova_ubuntu/padavan-ng/trunk/../toolchain/out/bin/mipsel-linux-uclibc-gcc
COLLECT_LTO_WRAPPER=/home/vova_ubuntu/padavan-ng/toolchain/out/libexec/gcc/mipsel-linux-uclibc/7.5.0/lto-wrapper
Target: mipsel-linux-uclibc
Configured with: /home/vova_ubuntu/padavan-ng/toolchain/.build/mipsel-linux-uclibc/src/gcc/configure --build=x86_64-build_pc-linux-gnu --host=x86_64-build_pc-linux-gnu --target=mipsel-linux-uclibc --prefix=/home/vova_ubuntu/padavan-ng/toolchain/out --with-sysroot=/home/vova_ubuntu/padavan-ng/toolchain/out/mipsel-linux-uclibc/sysroot --enable-languages=c,c++ --with-abi=32 --with-tune=mips32r2 --with-float=hard --with-pkgversion='crosstool-NG MIPS32' --with-bugurl=https://gitlab.com/hadzhioglu/padavan-ng/issues --enable-__cxa_atexit --disable-libmudflap --disable-libgomp --disable-libssp --disable-libquadmath --disable-libquadmath-support --disable-libsanitizer --disable-libmpx --with-gmp=/home/vova_ubuntu/padavan-ng/toolchain/.build/mipsel-linux-uclibc/buildtools --with-mpfr=/home/vova_ubuntu/padavan-ng/toolchain/.build/mipsel-linux-uclibc/buildtools --with-mpc=/home/vova_ubuntu/padavan-ng/toolchain/.build/mipsel-linux-uclibc/buildtools --with-isl=no --with-cloog=no --disable-lto --with-host-libstdcxx='-static-libgcc -Wl,-Bstatic,-lstdc++,-Bdynamic -lm' --enable-threads=posix --enable-target-optspace --disable-plugin --disable-nls --enable-tls --disable-multilib --with-local-prefix=/home/vova_ubuntu/padavan-ng/toolchain/out/mipsel-linux-uclibc/sysroot --enable-long-long --with-gnu-ld
Thread model: posix
gcc version 7.5.0 (crosstool-NG MIPS32) 
COMPILER_PATH=/home/vova_ubuntu/padavan-ng/toolchain/out/libexec/gcc/mipsel-linux-uclibc/7.5.0/:/home/vova_ubuntu/padavan-ng/toolchain/out/libexec/gcc/mipsel-linux-uclibc/7.5.0/:/home/vova_ubuntu/padavan-ng/toolchain/out/libexec/gcc/mipsel-linux-uclibc/:/home/vova_ubuntu/padavan-ng/toolchain/out/lib/gcc/mipsel-linux-uclibc/7.5.0/:/home/vova_ubuntu/padavan-ng/toolchain/out/lib/gcc/mipsel-linux-uclibc/:/home/vova_ubuntu/padavan-ng/toolchain/out/lib/gcc/mipsel-linux-uclibc/7.5.0/../../../../mipsel-linux-uclibc/bin/
LIBRARY_PATH=/home/vova_ubuntu/padavan-ng/toolchain/out/lib/gcc/mipsel-linux-uclibc/7.5.0/:/home/vova_ubuntu/padavan-ng/toolchain/out/lib/gcc/mipsel-linux-uclibc/7.5.0/../../../../mipsel-linux-uclibc/lib/:/home/vova_ubuntu/padavan-ng/toolchain/out/mipsel-linux-uclibc/sysroot/lib/:/home/vova_ubuntu/padavan-ng/toolchain/out/mipsel-linux-uclibc/sysroot/usr/lib/
COLLECT_GCC_OPTIONS='-Os' '-fomit-frame-pointer' '-fno-stack-protector' '-femit-struct-debug-baseonly' '-fno-var-tracking' '-pipe' '-D' 'EMBED' '-I' '/home/vova_ubuntu/padavan-ng/trunk/stage/include' '-D' 'linux' '-D' '__linux__' '-D' 'unix' '-Wall' '-Wno-trigraphs' '-Wno-strict-aliasing' '-Wno-format-security' '-Wno-unused-but-set-variable' '-Wunused-const-variable=0' '-Wformat-truncation=0' '-Wformat-overflow=0' '-Wno-misleading-indentation' '-fconserve-stack' '-fno-strict-overflow' '-fno-var-tracking-assignments' '-fno-merge-all-constants' '-fmerge-constants' '-fstack-check=no' '-fno-delete-null-pointer-checks' '-Wno-pointer-sign' '-ffunction-sections' '-fdata-sections' '-L/home/vova_ubuntu/padavan-ng/trunk/stage/lib' '-v' '-o' 'cmTC_5bb80' '-mtune=mips32r2' '-mabi=32' '-mhard-float' '-mllsc' '-mno-shared' '-EL'
 /home/vova_ubuntu/padavan-ng/toolchain/out/libexec/gcc/mipsel-linux-uclibc/7.5.0/collect2 --sysroot=/home/vova_ubuntu/padavan-ng/toolchain/out/mipsel-linux-uclibc/sysroot --eh-frame-hdr -EL -dynamic-linker /lib/ld-uClibc.so.0 -melf32ltsmip -o cmTC_5bb80 /home/vova_ubuntu/padavan-ng/toolchain/out/mipsel-linux-uclibc/sysroot/usr/lib/crt1.o /home/vova_ubuntu/padavan-ng/toolchain/out/mipsel-linux-uclibc/sysroot/usr/lib/crti.o /home/vova_ubuntu/padavan-ng/toolchain/out/lib/gcc/mipsel-linux-uclibc/7.5.0/crtbegin.o -L/home/vova_ubuntu/padavan-ng/trunk/stage/lib -L/home/vova_ubuntu/padavan-ng/toolchain/out/lib/gcc/mipsel-linux-uclibc/7.5.0 -L/home/vova_ubuntu/padavan-ng/toolchain/out/lib/gcc/mipsel-linux-uclibc/7.5.0/../../../../mipsel-linux-uclibc/lib -L/home/vova_ubuntu/padavan-ng/toolchain/out/mipsel-linux-uclibc/sysroot/lib -L/home/vova_ubuntu/padavan-ng/toolchain/out/mipsel-linux-uclibc/sysroot/usr/lib --gc-sections CMakeFiles/cmTC_5bb80.dir/CMakeCCompilerABI.c.o -lgcc_s -lc -lgcc_s /home/vova_ubuntu/padavan-ng/toolchain/out/lib/gcc/mipsel-linux-uclibc/7.5.0/crtend.o /home/vova_ubuntu/padavan-ng/toolchain/out/mipsel-linux-uclibc/sysroot/usr/lib/crtn.o
COLLECT_GCC_OPTIONS='-Os' '-fomit-frame-pointer' '-fno-stack-protector' '-femit-struct-debug-baseonly' '-fno-var-tracking' '-pipe' '-D' 'EMBED' '-I' '/home/vova_ubuntu/padavan-ng/trunk/stage/include' '-D' 'linux' '-D' '__linux__' '-D' 'unix' '-Wall' '-Wno-trigraphs' '-Wno-strict-aliasing' '-Wno-format-security' '-Wno-unused-but-set-variable' '-Wunused-const-variable=0' '-Wformat-truncation=0' '-Wformat-overflow=0' '-Wno-misleading-indentation' '-fconserve-stack' '-fno-strict-overflow' '-fno-var-tracking-assignments' '-fno-merge-all-constants' '-fmerge-constants' '-fstack-check=no' '-fno-delete-null-pointer-checks' '-Wno-pointer-sign' '-ffunction-sections' '-fdata-sections' '-L/home/vova_ubuntu/padavan-ng/trunk/stage/lib' '-v' '-o' 'cmTC_5bb80' '-mtune=mips32r2' '-mabi=32' '-mhard-float' '-mllsc' '-mno-shared' '-EL'
gmake[5]: Leaving directory '/home/vova_ubuntu/padavan-ng/trunk/libs/libz/zlib-1.3.1/build/CMakeFiles/CMakeTmp'
gmake[4]: Leaving directory '/home/vova_ubuntu/padavan-ng/trunk/libs/libz/zlib-1.3.1/build/CMakeFiles/CMakeTmp'



Parsed C implicit include dir info from above output: rv=done
  found start of include info
  found start of implicit include info
    add: [/home/vova_ubuntu/padavan-ng/toolchain/out/lib/gcc/mipsel-linux-uclibc/7.5.0/include]
    add: [/home/vova_ubuntu/padavan-ng/toolchain/out/lib/gcc/mipsel-linux-uclibc/7.5.0/include-fixed]
    add: [/home/vova_ubuntu/padavan-ng/toolchain/out/lib/gcc/mipsel-linux-uclibc/7.5.0/../../../../mipsel-linux-uclibc/include]
    add: [/home/vova_ubuntu/padavan-ng/toolchain/out/mipsel-linux-uclibc/sysroot/usr/include]
  end of search list found
  collapse include dir [/home/vova_ubuntu/padavan-ng/toolchain/out/lib/gcc/mipsel-linux-uclibc/7.5.0/include] ==> [/home/vova_ubuntu/padavan-ng/toolchain/out/lib/gcc/mipsel-linux-uclibc/7.5.0/include]
  collapse include dir [/home/vova_ubuntu/padavan-ng/toolchain/out/lib/gcc/mipsel-linux-uclibc/7.5.0/include-fixed] ==> [/home/vova_ubuntu/padavan-ng/toolchain/out/lib/gcc/mipsel-linux-uclibc/7.5.0/include-fixed]
  collapse include dir [/home/vova_ubuntu/padavan-ng/toolchain/out/lib/gcc/mipsel-linux-uclibc/7.5.0/../../../../mipsel-linux-uclibc/include] ==> [/home/vova_ubuntu/padavan-ng/toolchain/out/mipsel-linux-uclibc/include]
  collapse include dir [/home/vova_ubuntu/padavan-ng/toolchain/out/mipsel-linux-uclibc/sysroot/usr/include] ==> [/home/vova_ubuntu/padavan-ng/toolchain/out/mipsel-linux-uclibc/sysroot/usr/include]
  implicit include dirs: [/home/vova_ubuntu/padavan-ng/toolchain/out/lib/gcc/mipsel-linux-uclibc/7.5.0/include;/home/vova_ubuntu/padavan-ng/toolchain/out/lib/gcc/mipsel-linux-uclibc/7.5.0/include-fixed;/home/vova_ubuntu/padavan-ng/toolchain/out/mipsel-linux-uclibc/include;/home/vova_ubuntu/padavan-ng/toolchain/out/mipsel-linux-uclibc/sysroot/usr/include]


Parsed C implicit link information from above output:
  link line regex: [^( *|.*[/\])(mipsel-linux-uclibc-ld|CMAKE_LINK_STARTFILE-NOTFOUND|([^/\]+-)?ld|collect2)[^/\]*( |$)]
  ignore line: [Change Dir: /home/vova_ubuntu/padavan-ng/trunk/libs/libz/zlib-1.3.1/build/CMakeFiles/CMakeTmp]
  ignore line: []
  ignore line: [Run Build Command(s):/usr/bin/gmake -f Makefile cmTC_5bb80/fast && gmake[4]: Entering directory '/home/vova_ubuntu/padavan-ng/trunk/libs/libz/zlib-1.3.1/build/CMakeFiles/CMakeTmp']
  ignore line: [/usr/bin/gmake  -f CMakeFiles/cmTC_5bb80.dir/build.make CMakeFiles/cmTC_5bb80.dir/build]
  ignore line: [gmake[5]: Entering directory '/home/vova_ubuntu/padavan-ng/trunk/libs/libz/zlib-1.3.1/build/CMakeFiles/CMakeTmp']
  ignore line: [Building C object CMakeFiles/cmTC_5bb80.dir/CMakeCCompilerABI.c.o]
  ignore line: [/home/vova_ubuntu/padavan-ng/trunk/../toolchain/out/bin/mipsel-linux-uclibc-gcc   -Os -fomit-frame-pointer -fno-stack-protector -femit-struct-debug-baseonly -fno-var-tracking -pipe -DEMBED -I/home/vova_ubuntu/padavan-ng/trunk/stage/include -Dlinux -D__linux__ -Dunix -Wall -Wno-trigraphs -Wno-strict-aliasing -Wno-format-security -Wno-unused-but-set-variable -Wno-unused-const-variable -Wno-format-truncation -Wno-format-overflow -Wno-misleading-indentation -fconserve-stack -fno-strict-overflow -fno-var-tracking-assignments -fno-merge-all-constants -fmerge-constants -fno-stack-check -fno-delete-null-pointer-checks -Wno-pointer-sign -ffunction-sections -fdata-sections    -mips32r2 -march=mips32r2 -mtune=24kec -Os -fomit-frame-pointer -fno-stack-protector -femit-struct-debug-baseonly -fno-var-tracking -pipe -DEMBED -I/home/vova_ubuntu/padavan-ng/trunk/stage/include -Dlinux -D__linux__ -Dunix -Wall -Wno-trigraphs -Wno-strict-aliasing -Wno-format-security -Wno-unused-but-set-variable -Wno-unused-const-variable -Wno-format-truncation -Wno-format-overflow -Wno-misleading-indentation -fconserve-stack -fno-strict-overflow -fno-var-tracking-assignments -fno-merge-all-constants -fmerge-constants -fno-stack-check -fno-delete-null-pointer-checks -Wno-pointer-sign -ffunction-sections -fdata-sections -L/home/vova_ubuntu/padavan-ng/trunk/stage/lib -Wl --gc-sections -v -o CMakeFiles/cmTC_5bb80.dir/CMakeCCompilerABI.c.o -c /usr/share/cmake-3.22/Modules/CMakeCCompilerABI.c]
  ignore line: [Using built-in specs.]
  ignore line: [COLLECT_GCC=/home/vova_ubuntu/padavan-ng/trunk/../toolchain/out/bin/mipsel-linux-uclibc-gcc]
  ignore line: [Target: mipsel-linux-uclibc]
  ignore line: [Configured with: /home/vova_ubuntu/padavan-ng/toolchain/.build/mipsel-linux-uclibc/src/gcc/configure --build=x86_64-build_pc-linux-gnu --host=x86_64-build_pc-linux-gnu --target=mipsel-linux-uclibc --prefix=/home/vova_ubuntu/padavan-ng/toolchain/out --with-sysroot=/home/vova_ubuntu/padavan-ng/toolchain/out/mipsel-linux-uclibc/sysroot --enable-languages=c,c++ --with-abi=32 --with-tune=mips32r2 --with-float=hard --with-pkgversion='crosstool-NG MIPS32' --with-bugurl=https://gitlab.com/hadzhioglu/padavan-ng/issues --enable-__cxa_atexit --disable-libmudflap --disable-libgomp --disable-libssp --disable-libquadmath --disable-libquadmath-support --disable-libsanitizer --disable-libmpx --with-gmp=/home/vova_ubuntu/padavan-ng/toolchain/.build/mipsel-linux-uclibc/buildtools --with-mpfr=/home/vova_ubuntu/padavan-ng/toolchain/.build/mipsel-linux-uclibc/buildtools --with-mpc=/home/vova_ubuntu/padavan-ng/toolchain/.build/mipsel-linux-uclibc/buildtools --with-isl=no --with-cloog=no --disable-lto --with-host-libstdcxx='-static-libgcc -Wl,-Bstatic,-lstdc++,-Bdynamic -lm' --enable-threads=posix --enable-target-optspace --disable-plugin --disable-nls --enable-tls --disable-multilib --with-local-prefix=/home/vova_ubuntu/padavan-ng/toolchain/out/mipsel-linux-uclibc/sysroot --enable-long-long --with-gnu-ld]
  ignore line: [Thread model: posix]
  ignore line: [gcc version 7.5.0 (crosstool-NG MIPS32) ]
  ignore line: [COLLECT_GCC_OPTIONS='-Os' '-pipe' '-D' 'EMBED' '-I' '/home/vova_ubuntu/padavan-ng/trunk/stage/include' '-D' 'linux' '-D' '__linux__' '-D' 'unix' '-Wunused-const-variable=0' '-Wformat-truncation=0' '-Wformat-overflow=0' '-fstack-check=no' '-mips32r2' '-march=mips32r2' '-mtune=24kec' '-Os' '-fomit-frame-pointer' '-fno-stack-protector' '-femit-struct-debug-baseonly' '-fno-var-tracking' '-pipe' '-D' 'EMBED' '-I' '/home/vova_ubuntu/padavan-ng/trunk/stage/include' '-D' 'linux' '-D' '__linux__' '-D' 'unix' '-Wall' '-Wno-trigraphs' '-Wno-strict-aliasing' '-Wno-format-security' '-Wno-unused-but-set-variable' '-Wunused-const-variable=0' '-Wformat-truncation=0' '-Wformat-overflow=0' '-Wno-misleading-indentation' '-fconserve-stack' '-fno-strict-overflow' '-fno-var-tracking-assignments' '-fno-merge-all-constants' '-fmerge-constants' '-fstack-check=no' '-fno-delete-null-pointer-checks' '-Wno-pointer-sign' '-ffunction-sections' '-fdata-sections' '-L/home/vova_ubuntu/padavan-ng/trunk/stage/lib' '-v' '-o' 'CMakeFiles/cmTC_5bb80.dir/CMakeCCompilerABI.c.o' '-c' '-mabi=32' '-mhard-float' '-mllsc' '-mno-shared' '-EL']
  ignore line: [ /home/vova_ubuntu/padavan-ng/toolchain/out/libexec/gcc/mipsel-linux-uclibc/7.5.0/cc1 -quiet -v -I /home/vova_ubuntu/padavan-ng/trunk/stage/include -I /home/vova_ubuntu/padavan-ng/trunk/stage/include -D EMBED -D linux -D __linux__ -D unix -D EMBED -D linux -D __linux__ -D unix /usr/share/cmake-3.22/Modules/CMakeCCompilerABI.c -mel -quiet -dumpbase CMakeCCompilerABI.c -mips32r2 -march=mips32r2 -mtune=24kec -mabi=32 -mhard-float -mllsc -mno-shared -auxbase-strip CMakeFiles/cmTC_5bb80.dir/CMakeCCompilerABI.c.o -Os -Os -Wunused-const-variable=0 -Wformat-truncation=0 -Wformat-overflow=0 -Wall -Wno-trigraphs -Wno-strict-aliasing -Wno-format-security -Wno-unused-but-set-variable -Wunused-const-variable=0 -Wformat-truncation=0 -Wformat-overflow=0 -Wno-misleading-indentation -Wno-pointer-sign -version -fstack-check=no -fomit-frame-pointer -fno-stack-protector -femit-struct-debug-baseonly -fno-var-tracking -fconserve-stack -fno-strict-overflow -fno-var-tracking-assignments -fno-merge-all-constants -fmerge-constants -fstack-check=no -fno-delete-null-pointer-checks -ffunction-sections -fdata-sections -o - |]
  ignore line: [ /home/vova_ubuntu/padavan-ng/toolchain/out/lib/gcc/mipsel-linux-uclibc/7.5.0/../../../../mipsel-linux-uclibc/bin/as -v -I /home/vova_ubuntu/padavan-ng/trunk/stage/include -I /home/vova_ubuntu/padavan-ng/trunk/stage/include -EL -mips32r2 -O2 -no-mdebug -mabi=32 -march=mips32r2 -mno-shared -mtune=24kec -mhard-float -KPIC -o CMakeFiles/cmTC_5bb80.dir/CMakeCCompilerABI.c.o]
  ignore line: [GNU assembler version 2.41 (mipsel-linux-uclibc) using BFD version (crosstool-NG MIPS32) 2.41]
  ignore line: [GNU C11 (crosstool-NG MIPS32) version 7.5.0 (mipsel-linux-uclibc)]
  ignore line: [	compiled by GNU C version 11.4.0  GMP version 6.2.1  MPFR version 4.2.1  MPC version 1.3.1  isl version none]
  ignore line: [GGC heuristics: --param ggc-min-expand=100 --param ggc-min-heapsize=131072]
  ignore line: [ignoring nonexistent directory "/home/vova_ubuntu/padavan-ng/toolchain/out/mipsel-linux-uclibc/sysroot/home/vova_ubuntu/padavan-ng/toolchain/out/mipsel-linux-uclibc/sysroot/include"]
  ignore line: [ignoring nonexistent directory "/home/vova_ubuntu/padavan-ng/trunk/stage/include"]
  ignore line: [ignoring nonexistent directory "/home/vova_ubuntu/padavan-ng/trunk/stage/include"]
  ignore line: [#include "..." search starts here:]
  ignore line: [#include <...> search starts here:]
  ignore line: [ /home/vova_ubuntu/padavan-ng/toolchain/out/lib/gcc/mipsel-linux-uclibc/7.5.0/include]
  ignore line: [ /home/vova_ubuntu/padavan-ng/toolchain/out/lib/gcc/mipsel-linux-uclibc/7.5.0/include-fixed]
  ignore line: [ /home/vova_ubuntu/padavan-ng/toolchain/out/lib/gcc/mipsel-linux-uclibc/7.5.0/../../../../mipsel-linux-uclibc/include]
  ignore line: [ /home/vova_ubuntu/padavan-ng/toolchain/out/mipsel-linux-uclibc/sysroot/usr/include]
  ignore line: [End of search list.]
  ignore line: [GNU C11 (crosstool-NG MIPS32) version 7.5.0 (mipsel-linux-uclibc)]
  ignore line: [	compiled by GNU C version 11.4.0  GMP version 6.2.1  MPFR version 4.2.1  MPC version 1.3.1  isl version none]
  ignore line: [GGC heuristics: --param ggc-min-expand=100 --param ggc-min-heapsize=131072]
  ignore line: [Compiler executable checksum: a7b8f62b00b514d3a41e19fc6d59f7c4]
  ignore line: [COMPILER_PATH=/home/vova_ubuntu/padavan-ng/toolchain/out/libexec/gcc/mipsel-linux-uclibc/7.5.0/:/home/vova_ubuntu/padavan-ng/toolchain/out/libexec/gcc/mipsel-linux-uclibc/7.5.0/:/home/vova_ubuntu/padavan-ng/toolchain/out/libexec/gcc/mipsel-linux-uclibc/:/home/vova_ubuntu/padavan-ng/toolchain/out/lib/gcc/mipsel-linux-uclibc/7.5.0/:/home/vova_ubuntu/padavan-ng/toolchain/out/lib/gcc/mipsel-linux-uclibc/:/home/vova_ubuntu/padavan-ng/toolchain/out/lib/gcc/mipsel-linux-uclibc/7.5.0/../../../../mipsel-linux-uclibc/bin/]
  ignore line: [LIBRARY_PATH=/home/vova_ubuntu/padavan-ng/toolchain/out/lib/gcc/mipsel-linux-uclibc/7.5.0/:/home/vova_ubuntu/padavan-ng/toolchain/out/lib/gcc/mipsel-linux-uclibc/7.5.0/../../../../mipsel-linux-uclibc/lib/:/home/vova_ubuntu/padavan-ng/toolchain/out/mipsel-linux-uclibc/sysroot/lib/:/home/vova_ubuntu/padavan-ng/toolchain/out/mipsel-linux-uclibc/sysroot/usr/lib/]
  ignore line: [COLLECT_GCC_OPTIONS='-Os' '-pipe' '-D' 'EMBED' '-I' '/home/vova_ubuntu/padavan-ng/trunk/stage/include' '-D' 'linux' '-D' '__linux__' '-D' 'unix' '-Wunused-const-variable=0' '-Wformat-truncation=0' '-Wformat-overflow=0' '-fstack-check=no' '-mips32r2' '-march=mips32r2' '-mtune=24kec' '-Os' '-fomit-frame-pointer' '-fno-stack-protector' '-femit-struct-debug-baseonly' '-fno-var-tracking' '-pipe' '-D' 'EMBED' '-I' '/home/vova_ubuntu/padavan-ng/trunk/stage/include' '-D' 'linux' '-D' '__linux__' '-D' 'unix' '-Wall' '-Wno-trigraphs' '-Wno-strict-aliasing' '-Wno-format-security' '-Wno-unused-but-set-variable' '-Wunused-const-variable=0' '-Wformat-truncation=0' '-Wformat-overflow=0' '-Wno-misleading-indentation' '-fconserve-stack' '-fno-strict-overflow' '-fno-var-tracking-assignments' '-fno-merge-all-constants' '-fmerge-constants' '-fstack-check=no' '-fno-delete-null-pointer-checks' '-Wno-pointer-sign' '-ffunction-sections' '-fdata-sections' '-L/home/vova_ubuntu/padavan-ng/trunk/stage/lib' '-v' '-o' 'CMakeFiles/cmTC_5bb80.dir/CMakeCCompilerABI.c.o' '-c' '-mabi=32' '-mhard-float' '-mllsc' '-mno-shared' '-EL']
  ignore line: [Linking C executable cmTC_5bb80]
  ignore line: [/usr/bin/cmake -E cmake_link_script CMakeFiles/cmTC_5bb80.dir/link.txt --verbose=1]
  ignore line: [/home/vova_ubuntu/padavan-ng/trunk/../toolchain/out/bin/mipsel-linux-uclibc-gcc -Os -fomit-frame-pointer -fno-stack-protector -femit-struct-debug-baseonly -fno-var-tracking -pipe -DEMBED -I/home/vova_ubuntu/padavan-ng/trunk/stage/include -Dlinux -D__linux__ -Dunix -Wall -Wno-trigraphs -Wno-strict-aliasing -Wno-format-security -Wno-unused-but-set-variable -Wno-unused-const-variable -Wno-format-truncation -Wno-format-overflow -Wno-misleading-indentation -fconserve-stack -fno-strict-overflow -fno-var-tracking-assignments -fno-merge-all-constants -fmerge-constants -fno-stack-check -fno-delete-null-pointer-checks -Wno-pointer-sign -ffunction-sections -fdata-sections  -L/home/vova_ubuntu/padavan-ng/trunk/stage/lib -Wl --gc-sections -v CMakeFiles/cmTC_5bb80.dir/CMakeCCompilerABI.c.o -o cmTC_5bb80 ]
  ignore line: [Using built-in specs.]
  ignore line: [COLLECT_GCC=/home/vova_ubuntu/padavan-ng/trunk/../toolchain/out/bin/mipsel-linux-uclibc-gcc]
  ignore line: [COLLECT_LTO_WRAPPER=/home/vova_ubuntu/padavan-ng/toolchain/out/libexec/gcc/mipsel-linux-uclibc/7.5.0/lto-wrapper]
  ignore line: [Target: mipsel-linux-uclibc]
  ignore line: [Configured with: /home/vova_ubuntu/padavan-ng/toolchain/.build/mipsel-linux-uclibc/src/gcc/configure --build=x86_64-build_pc-linux-gnu --host=x86_64-build_pc-linux-gnu --target=mipsel-linux-uclibc --prefix=/home/vova_ubuntu/padavan-ng/toolchain/out --with-sysroot=/home/vova_ubuntu/padavan-ng/toolchain/out/mipsel-linux-uclibc/sysroot --enable-languages=c,c++ --with-abi=32 --with-tune=mips32r2 --with-float=hard --with-pkgversion='crosstool-NG MIPS32' --with-bugurl=https://gitlab.com/hadzhioglu/padavan-ng/issues --enable-__cxa_atexit --disable-libmudflap --disable-libgomp --disable-libssp --disable-libquadmath --disable-libquadmath-support --disable-libsanitizer --disable-libmpx --with-gmp=/home/vova_ubuntu/padavan-ng/toolchain/.build/mipsel-linux-uclibc/buildtools --with-mpfr=/home/vova_ubuntu/padavan-ng/toolchain/.build/mipsel-linux-uclibc/buildtools --with-mpc=/home/vova_ubuntu/padavan-ng/toolchain/.build/mipsel-linux-uclibc/buildtools --with-isl=no --with-cloog=no --disable-lto --with-host-libstdcxx='-static-libgcc -Wl,-Bstatic,-lstdc++,-Bdynamic -lm' --enable-threads=posix --enable-target-optspace --disable-plugin --disable-nls --enable-tls --disable-multilib --with-local-prefix=/home/vova_ubuntu/padavan-ng/toolchain/out/mipsel-linux-uclibc/sysroot --enable-long-long --with-gnu-ld]
  ignore line: [Thread model: posix]
  ignore line: [gcc version 7.5.0 (crosstool-NG MIPS32) ]
  ignore line: [COMPILER_PATH=/home/vova_ubuntu/padavan-ng/toolchain/out/libexec/gcc/mipsel-linux-uclibc/7.5.0/:/home/vova_ubuntu/padavan-ng/toolchain/out/libexec/gcc/mipsel-linux-uclibc/7.5.0/:/home/vova_ubuntu/padavan-ng/toolchain/out/libexec/gcc/mipsel-linux-uclibc/:/home/vova_ubuntu/padavan-ng/toolchain/out/lib/gcc/mipsel-linux-uclibc/7.5.0/:/home/vova_ubuntu/padavan-ng/toolchain/out/lib/gcc/mipsel-linux-uclibc/:/home/vova_ubuntu/padavan-ng/toolchain/out/lib/gcc/mipsel-linux-uclibc/7.5.0/../../../../mipsel-linux-uclibc/bin/]
  ignore line: [LIBRARY_PATH=/home/vova_ubuntu/padavan-ng/toolchain/out/lib/gcc/mipsel-linux-uclibc/7.5.0/:/home/vova_ubuntu/padavan-ng/toolchain/out/lib/gcc/mipsel-linux-uclibc/7.5.0/../../../../mipsel-linux-uclibc/lib/:/home/vova_ubuntu/padavan-ng/toolchain/out/mipsel-linux-uclibc/sysroot/lib/:/home/vova_ubuntu/padavan-ng/toolchain/out/mipsel-linux-uclibc/sysroot/usr/lib/]
  ignore line: [COLLECT_GCC_OPTIONS='-Os' '-fomit-frame-pointer' '-fno-stack-protector' '-femit-struct-debug-baseonly' '-fno-var-tracking' '-pipe' '-D' 'EMBED' '-I' '/home/vova_ubuntu/padavan-ng/trunk/stage/include' '-D' 'linux' '-D' '__linux__' '-D' 'unix' '-Wall' '-Wno-trigraphs' '-Wno-strict-aliasing' '-Wno-format-security' '-Wno-unused-but-set-variable' '-Wunused-const-variable=0' '-Wformat-truncation=0' '-Wformat-overflow=0' '-Wno-misleading-indentation' '-fconserve-stack' '-fno-strict-overflow' '-fno-var-tracking-assignments' '-fno-merge-all-constants' '-fmerge-constants' '-fstack-check=no' '-fno-delete-null-pointer-checks' '-Wno-pointer-sign' '-ffunction-sections' '-fdata-sections' '-L/home/vova_ubuntu/padavan-ng/trunk/stage/lib' '-v' '-o' 'cmTC_5bb80' '-mtune=mips32r2' '-mabi=32' '-mhard-float' '-mllsc' '-mno-shared' '-EL']
  link line: [ /home/vova_ubuntu/padavan-ng/toolchain/out/libexec/gcc/mipsel-linux-uclibc/7.5.0/collect2 --sysroot=/home/vova_ubuntu/padavan-ng/toolchain/out/mipsel-linux-uclibc/sysroot --eh-frame-hdr -EL -dynamic-linker /lib/ld-uClibc.so.0 -melf32ltsmip -o cmTC_5bb80 /home/vova_ubuntu/padavan-ng/toolchain/out/mipsel-linux-uclibc/sysroot/usr/lib/crt1.o /home/vova_ubuntu/padavan-ng/toolchain/out/mipsel-linux-uclibc/sysroot/usr/lib/crti.o /home/vova_ubuntu/padavan-ng/toolchain/out/lib/gcc/mipsel-linux-uclibc/7.5.0/crtbegin.o -L/home/vova_ubuntu/padavan-ng/trunk/stage/lib -L/home/vova_ubuntu/padavan-ng/toolchain/out/lib/gcc/mipsel-linux-uclibc/7.5.0 -L/home/vova_ubuntu/padavan-ng/toolchain/out/lib/gcc/mipsel-linux-uclibc/7.5.0/../../../../mipsel-linux-uclibc/lib -L/home/vova_ubuntu/padavan-ng/toolchain/out/mipsel-linux-uclibc/sysroot/lib -L/home/vova_ubuntu/padavan-ng/toolchain/out/mipsel-linux-uclibc/sysroot/usr/lib --gc-sections CMakeFiles/cmTC_5bb80.dir/CMakeCCompilerABI.c.o -lgcc_s -lc -lgcc_s /home/vova_ubuntu/padavan-ng/toolchain/out/lib/gcc/mipsel-linux-uclibc/7.5.0/crtend.o /home/vova_ubuntu/padavan-ng/toolchain/out/mipsel-linux-uclibc/sysroot/usr/lib/crtn.o]
    arg [/home/vova_ubuntu/padavan-ng/toolchain/out/libexec/gcc/mipsel-linux-uclibc/7.5.0/collect2] ==> ignore
    arg [--sysroot=/home/vova_ubuntu/padavan-ng/toolchain/out/mipsel-linux-uclibc/sysroot] ==> ignore
    arg [--eh-frame-hdr] ==> ignore
    arg [-EL] ==> ignore
    arg [-dynamic-linker] ==> ignore
    arg [/lib/ld-uClibc.so.0] ==> ignore
    arg [-melf32ltsmip] ==> ignore
    arg [-o] ==> ignore
    arg [cmTC_5bb80] ==> ignore
    arg [/home/vova_ubuntu/padavan-ng/toolchain/out/mipsel-linux-uclibc/sysroot/usr/lib/crt1.o] ==> obj [/home/vova_ubuntu/padavan-ng/toolchain/out/mipsel-linux-uclibc/sysroot/usr/lib/crt1.o]
    arg [/home/vova_ubuntu/padavan-ng/toolchain/out/mipsel-linux-uclibc/sysroot/usr/lib/crti.o] ==> obj [/home/vova_ubuntu/padavan-ng/toolchain/out/mipsel-linux-uclibc/sysroot/usr/lib/crti.o]
    arg [/home/vova_ubuntu/padavan-ng/toolchain/out/lib/gcc/mipsel-linux-uclibc/7.5.0/crtbegin.o] ==> obj [/home/vova_ubuntu/padavan-ng/toolchain/out/lib/gcc/mipsel-linux-uclibc/7.5.0/crtbegin.o]
    arg [-L/home/vova_ubuntu/padavan-ng/trunk/stage/lib] ==> dir [/home/vova_ubuntu/padavan-ng/trunk/stage/lib]
    arg [-L/home/vova_ubuntu/padavan-ng/toolchain/out/lib/gcc/mipsel-linux-uclibc/7.5.0] ==> dir [/home/vova_ubuntu/padavan-ng/toolchain/out/lib/gcc/mipsel-linux-uclibc/7.5.0]
    arg [-L/home/vova_ubuntu/padavan-ng/toolchain/out/lib/gcc/mipsel-linux-uclibc/7.5.0/../../../../mipsel-linux-uclibc/lib] ==> dir [/home/vova_ubuntu/padavan-ng/toolchain/out/lib/gcc/mipsel-linux-uclibc/7.5.0/../../../../mipsel-linux-uclibc/lib]
    arg [-L/home/vova_ubuntu/padavan-ng/toolchain/out/mipsel-linux-uclibc/sysroot/lib] ==> dir [/home/vova_ubuntu/padavan-ng/toolchain/out/mipsel-linux-uclibc/sysroot/lib]
    arg [-L/home/vova_ubuntu/padavan-ng/toolchain/out/mipsel-linux-uclibc/sysroot/usr/lib] ==> dir [/home/vova_ubuntu/padavan-ng/toolchain/out/mipsel-linux-uclibc/sysroot/usr/lib]
    arg [--gc-sections] ==> ignore
    arg [CMakeFiles/cmTC_5bb80.dir/CMakeCCompilerABI.c.o] ==> ignore
    arg [-lgcc_s] ==> lib [gcc_s]
    arg [-lc] ==> lib [c]
    arg [-lgcc_s] ==> lib [gcc_s]
    arg [/home/vova_ubuntu/padavan-ng/toolchain/out/lib/gcc/mipsel-linux-uclibc/7.5.0/crtend.o] ==> obj [/home/vova_ubuntu/padavan-ng/toolchain/out/lib/gcc/mipsel-linux-uclibc/7.5.0/crtend.o]
    arg [/home/vova_ubuntu/padavan-ng/toolchain/out/mipsel-linux-uclibc/sysroot/usr/lib/crtn.o] ==> obj [/home/vova_ubuntu/padavan-ng/toolchain/out/mipsel-linux-uclibc/sysroot/usr/lib/crtn.o]
  collapse library dir [/home/vova_ubuntu/padavan-ng/trunk/stage/lib] ==> [/home/vova_ubuntu/padavan-ng/trunk/stage/lib]
  collapse library dir [/home/vova_ubuntu/padavan-ng/toolchain/out/lib/gcc/mipsel-linux-uclibc/7.5.0] ==> [/home/vova_ubuntu/padavan-ng/toolchain/out/lib/gcc/mipsel-linux-uclibc/7.5.0]
  collapse library dir [/home/vova_ubuntu/padavan-ng/toolchain/out/lib/gcc/mipsel-linux-uclibc/7.5.0/../../../../mipsel-linux-uclibc/lib] ==> [/home/vova_ubuntu/padavan-ng/toolchain/out/mipsel-linux-uclibc/lib]
  collapse library dir [/home/vova_ubuntu/padavan-ng/toolchain/out/mipsel-linux-uclibc/sysroot/lib] ==> [/home/vova_ubuntu/padavan-ng/toolchain/out/mipsel-linux-uclibc/sysroot/lib]
  collapse library dir [/home/vova_ubuntu/padavan-ng/toolchain/out/mipsel-linux-uclibc/sysroot/usr/lib] ==> [/home/vova_ubuntu/padavan-ng/toolchain/out/mipsel-linux-uclibc/sysroot/usr/lib]
  implicit libs: [gcc_s;c;gcc_s]
  implicit objs: [/home/vova_ubuntu/padavan-ng/toolchain/out/mipsel-linux-uclibc/sysroot/usr/lib/crt1.o;/home/vova_ubuntu/padavan-ng/toolchain/out/mipsel-linux-uclibc/sysroot/usr/lib/crti.o;/home/vova_ubuntu/padavan-ng/toolchain/out/lib/gcc/mipsel-linux-uclibc/7.5.0/crtbegin.o;/home/vova_ubuntu/padavan-ng/toolchain/out/lib/gcc/mipsel-linux-uclibc/7.5.0/crtend.o;/home/vova_ubuntu/padavan-ng/toolchain/out/mipsel-linux-uclibc/sysroot/usr/lib/crtn.o]
  implicit dirs: [/home/vova_ubuntu/padavan-ng/trunk/stage/lib;/home/vova_ubuntu/padavan-ng/toolchain/out/lib/gcc/mipsel-linux-uclibc/7.5.0;/home/vova_ubuntu/padavan-ng/toolchain/out/mipsel-linux-uclibc/lib;/home/vova_ubuntu/padavan-ng/toolchain/out/mipsel-linux-uclibc/sysroot/lib;/home/vova_ubuntu/padavan-ng/toolchain/out/mipsel-linux-uclibc/sysroot/usr/lib]
  implicit fwks: []


Determining if the include file sys/types.h exists passed with the following output:
Change Dir: /home/vova_ubuntu/padavan-ng/trunk/libs/libz/zlib-1.3.1/build/CMakeFiles/CMakeTmp

Run Build Command(s):/usr/bin/gmake -f Makefile cmTC_8e503/fast && gmake[4]: Entering directory '/home/vova_ubuntu/padavan-ng/trunk/libs/libz/zlib-1.3.1/build/CMakeFiles/CMakeTmp'
/usr/bin/gmake  -f CMakeFiles/cmTC_8e503.dir/build.make CMakeFiles/cmTC_8e503.dir/build
gmake[5]: Entering directory '/home/vova_ubuntu/padavan-ng/trunk/libs/libz/zlib-1.3.1/build/CMakeFiles/CMakeTmp'
Building C object CMakeFiles/cmTC_8e503.dir/CheckIncludeFile.c.o
/home/vova_ubuntu/padavan-ng/trunk/../toolchain/out/bin/mipsel-linux-uclibc-gcc   -Os -fomit-frame-pointer -fno-stack-protector -femit-struct-debug-baseonly -fno-var-tracking -pipe -DEMBED -I/home/vova_ubuntu/padavan-ng/trunk/stage/include -Dlinux -D__linux__ -Dunix -Wall -Wno-trigraphs -Wno-strict-aliasing -Wno-format-security -Wno-unused-but-set-variable -Wno-unused-const-variable -Wno-format-truncation -Wno-format-overflow -Wno-misleading-indentation -fconserve-stack -fno-strict-overflow -fno-var-tracking-assignments -fno-merge-all-constants -fmerge-constants -fno-stack-check -fno-delete-null-pointer-checks -Wno-pointer-sign -ffunction-sections -fdata-sections    -mips32r2 -march=mips32r2 -mtune=24kec -Os -fomit-frame-pointer -fno-stack-protector -femit-struct-debug-baseonly -fno-var-tracking -pipe -DEMBED -I/home/vova_ubuntu/padavan-ng/trunk/stage/include -Dlinux -D__linux__ -Dunix -Wall -Wno-trigraphs -Wno-strict-aliasing -Wno-format-security -Wno-unused-but-set-variable -Wno-unused-const-variable -Wno-format-truncation -Wno-format-overflow -Wno-misleading-indentation -fconserve-stack -fno-strict-overflow -fno-var-tracking-assignments -fno-merge-all-constants -fmerge-constants -fno-stack-check -fno-delete-null-pointer-checks -Wno-pointer-sign -ffunction-sections -fdata-sections -L/home/vova_ubuntu/padavan-ng/trunk/stage/lib -Wl,--gc-sections -o CMakeFiles/cmTC_8e503.dir/CheckIncludeFile.c.o -c /home/vova_ubuntu/padavan-ng/trunk/libs/libz/zlib-1.3.1/build/CMakeFiles/CMakeTmp/CheckIncludeFile.c
Linking C executable cmTC_8e503
/usr/bin/cmake -E cmake_link_script CMakeFiles/cmTC_8e503.dir/link.txt --verbose=1
/home/vova_ubuntu/padavan-ng/trunk/../toolchain/out/bin/mipsel-linux-uclibc-gcc -Os -fomit-frame-pointer -fno-stack-protector -femit-struct-debug-baseonly -fno-var-tracking -pipe -DEMBED -I/home/vova_ubuntu/padavan-ng/trunk/stage/include -Dlinux -D__linux__ -Dunix -Wall -Wno-trigraphs -Wno-strict-aliasing -Wno-format-security -Wno-unused-but-set-variable -Wno-unused-const-variable -Wno-format-truncation -Wno-format-overflow -Wno-misleading-indentation -fconserve-stack -fno-strict-overflow -fno-var-tracking-assignments -fno-merge-all-constants -fmerge-constants -fno-stack-check -fno-delete-null-pointer-checks -Wno-pointer-sign -ffunction-sections -fdata-sections  -L/home/vova_ubuntu/padavan-ng/trunk/stage/lib -Wl,--gc-sections  CMakeFiles/cmTC_8e503.dir/CheckIncludeFile.c.o -o cmTC_8e503 
gmake[5]: Leaving directory '/home/vova_ubuntu/padavan-ng/trunk/libs/libz/zlib-1.3.1/build/CMakeFiles/CMakeTmp'
gmake[4]: Leaving directory '/home/vova_ubuntu/padavan-ng/trunk/libs/libz/zlib-1.3.1/build/CMakeFiles/CMakeTmp'



Determining if the include file stdint.h exists passed with the following output:
Change Dir: /home/vova_ubuntu/padavan-ng/trunk/libs/libz/zlib-1.3.1/build/CMakeFiles/CMakeTmp

Run Build Command(s):/usr/bin/gmake -f Makefile cmTC_7f2da/fast && gmake[4]: Entering directory '/home/vova_ubuntu/padavan-ng/trunk/libs/libz/zlib-1.3.1/build/CMakeFiles/CMakeTmp'
/usr/bin/gmake  -f CMakeFiles/cmTC_7f2da.dir/build.make CMakeFiles/cmTC_7f2da.dir/build
gmake[5]: Entering directory '/home/vova_ubuntu/padavan-ng/trunk/libs/libz/zlib-1.3.1/build/CMakeFiles/CMakeTmp'
Building C object CMakeFiles/cmTC_7f2da.dir/CheckIncludeFile.c.o
/home/vova_ubuntu/padavan-ng/trunk/../toolchain/out/bin/mipsel-linux-uclibc-gcc   -Os -fomit-frame-pointer -fno-stack-protector -femit-struct-debug-baseonly -fno-var-tracking -pipe -DEMBED -I/home/vova_ubuntu/padavan-ng/trunk/stage/include -Dlinux -D__linux__ -Dunix -Wall -Wno-trigraphs -Wno-strict-aliasing -Wno-format-security -Wno-unused-but-set-variable -Wno-unused-const-variable -Wno-format-truncation -Wno-format-overflow -Wno-misleading-indentation -fconserve-stack -fno-strict-overflow -fno-var-tracking-assignments -fno-merge-all-constants -fmerge-constants -fno-stack-check -fno-delete-null-pointer-checks -Wno-pointer-sign -ffunction-sections -fdata-sections    -mips32r2 -march=mips32r2 -mtune=24kec -Os -fomit-frame-pointer -fno-stack-protector -femit-struct-debug-baseonly -fno-var-tracking -pipe -DEMBED -I/home/vova_ubuntu/padavan-ng/trunk/stage/include -Dlinux -D__linux__ -Dunix -Wall -Wno-trigraphs -Wno-strict-aliasing -Wno-format-security -Wno-unused-but-set-variable -Wno-unused-const-variable -Wno-format-truncation -Wno-format-overflow -Wno-misleading-indentation -fconserve-stack -fno-strict-overflow -fno-var-tracking-assignments -fno-merge-all-constants -fmerge-constants -fno-stack-check -fno-delete-null-pointer-checks -Wno-pointer-sign -ffunction-sections -fdata-sections -L/home/vova_ubuntu/padavan-ng/trunk/stage/lib -Wl,--gc-sections -o CMakeFiles/cmTC_7f2da.dir/CheckIncludeFile.c.o -c /home/vova_ubuntu/padavan-ng/trunk/libs/libz/zlib-1.3.1/build/CMakeFiles/CMakeTmp/CheckIncludeFile.c
Linking C executable cmTC_7f2da
/usr/bin/cmake -E cmake_link_script CMakeFiles/cmTC_7f2da.dir/link.txt --verbose=1
/home/vova_ubuntu/padavan-ng/trunk/../toolchain/out/bin/mipsel-linux-uclibc-gcc -Os -fomit-frame-pointer -fno-stack-protector -femit-struct-debug-baseonly -fno-var-tracking -pipe -DEMBED -I/home/vova_ubuntu/padavan-ng/trunk/stage/include -Dlinux -D__linux__ -Dunix -Wall -Wno-trigraphs -Wno-strict-aliasing -Wno-format-security -Wno-unused-but-set-variable -Wno-unused-const-variable -Wno-format-truncation -Wno-format-overflow -Wno-misleading-indentation -fconserve-stack -fno-strict-overflow -fno-var-tracking-assignments -fno-merge-all-constants -fmerge-constants -fno-stack-check -fno-delete-null-pointer-checks -Wno-pointer-sign -ffunction-sections -fdata-sections  -L/home/vova_ubuntu/padavan-ng/trunk/stage/lib -Wl,--gc-sections  CMakeFiles/cmTC_7f2da.dir/CheckIncludeFile.c.o -o cmTC_7f2da 
gmake[5]: Leaving directory '/home/vova_ubuntu/padavan-ng/trunk/libs/libz/zlib-1.3.1/build/CMakeFiles/CMakeTmp'
gmake[4]: Leaving directory '/home/vova_ubuntu/padavan-ng/trunk/libs/libz/zlib-1.3.1/build/CMakeFiles/CMakeTmp'



Determining if the include file stddef.h exists passed with the following output:
Change Dir: /home/vova_ubuntu/padavan-ng/trunk/libs/libz/zlib-1.3.1/build/CMakeFiles/CMakeTmp

Run Build Command(s):/usr/bin/gmake -f Makefile cmTC_59665/fast && gmake[4]: Entering directory '/home/vova_ubuntu/padavan-ng/trunk/libs/libz/zlib-1.3.1/build/CMakeFiles/CMakeTmp'
/usr/bin/gmake  -f CMakeFiles/cmTC_59665.dir/build.make CMakeFiles/cmTC_59665.dir/build
gmake[5]: Entering directory '/home/vova_ubuntu/padavan-ng/trunk/libs/libz/zlib-1.3.1/build/CMakeFiles/CMakeTmp'
Building C object CMakeFiles/cmTC_59665.dir/CheckIncludeFile.c.o
/home/vova_ubuntu/padavan-ng/trunk/../toolchain/out/bin/mipsel-linux-uclibc-gcc   -Os -fomit-frame-pointer -fno-stack-protector -femit-struct-debug-baseonly -fno-var-tracking -pipe -DEMBED -I/home/vova_ubuntu/padavan-ng/trunk/stage/include -Dlinux -D__linux__ -Dunix -Wall -Wno-trigraphs -Wno-strict-aliasing -Wno-format-security -Wno-unused-but-set-variable -Wno-unused-const-variable -Wno-format-truncation -Wno-format-overflow -Wno-misleading-indentation -fconserve-stack -fno-strict-overflow -fno-var-tracking-assignments -fno-merge-all-constants -fmerge-constants -fno-stack-check -fno-delete-null-pointer-checks -Wno-pointer-sign -ffunction-sections -fdata-sections    -mips32r2 -march=mips32r2 -mtune=24kec -Os -fomit-frame-pointer -fno-stack-protector -femit-struct-debug-baseonly -fno-var-tracking -pipe -DEMBED -I/home/vova_ubuntu/padavan-ng/trunk/stage/include -Dlinux -D__linux__ -Dunix -Wall -Wno-trigraphs -Wno-strict-aliasing -Wno-format-security -Wno-unused-but-set-variable -Wno-unused-const-variable -Wno-format-truncation -Wno-format-overflow -Wno-misleading-indentation -fconserve-stack -fno-strict-overflow -fno-var-tracking-assignments -fno-merge-all-constants -fmerge-constants -fno-stack-check -fno-delete-null-pointer-checks -Wno-pointer-sign -ffunction-sections -fdata-sections -L/home/vova_ubuntu/padavan-ng/trunk/stage/lib -Wl,--gc-sections -o CMakeFiles/cmTC_59665.dir/CheckIncludeFile.c.o -c /home/vova_ubuntu/padavan-ng/trunk/libs/libz/zlib-1.3.1/build/CMakeFiles/CMakeTmp/CheckIncludeFile.c
Linking C executable cmTC_59665
/usr/bin/cmake -E cmake_link_script CMakeFiles/cmTC_59665.dir/link.txt --verbose=1
/home/vova_ubuntu/padavan-ng/trunk/../toolchain/out/bin/mipsel-linux-uclibc-gcc -Os -fomit-frame-pointer -fno-stack-protector -femit-struct-debug-baseonly -fno-var-tracking -pipe -DEMBED -I/home/vova_ubuntu/padavan-ng/trunk/stage/include -Dlinux -D__linux__ -Dunix -Wall -Wno-trigraphs -Wno-strict-aliasing -Wno-format-security -Wno-unused-but-set-variable -Wno-unused-const-variable -Wno-format-truncation -Wno-format-overflow -Wno-misleading-indentation -fconserve-stack -fno-strict-overflow -fno-var-tracking-assignments -fno-merge-all-constants -fmerge-constants -fno-stack-check -fno-delete-null-pointer-checks -Wno-pointer-sign -ffunction-sections -fdata-sections  -L/home/vova_ubuntu/padavan-ng/trunk/stage/lib -Wl,--gc-sections  CMakeFiles/cmTC_59665.dir/CheckIncludeFile.c.o -o cmTC_59665 
gmake[5]: Leaving directory '/home/vova_ubuntu/padavan-ng/trunk/libs/libz/zlib-1.3.1/build/CMakeFiles/CMakeTmp'
gmake[4]: Leaving directory '/home/vova_ubuntu/padavan-ng/trunk/libs/libz/zlib-1.3.1/build/CMakeFiles/CMakeTmp'



Determining size of off64_t passed with the following output:
Change Dir: /home/vova_ubuntu/padavan-ng/trunk/libs/libz/zlib-1.3.1/build/CMakeFiles/CMakeTmp

Run Build Command(s):/usr/bin/gmake -f Makefile cmTC_23909/fast && gmake[4]: Entering directory '/home/vova_ubuntu/padavan-ng/trunk/libs/libz/zlib-1.3.1/build/CMakeFiles/CMakeTmp'
/usr/bin/gmake  -f CMakeFiles/cmTC_23909.dir/build.make CMakeFiles/cmTC_23909.dir/build
gmake[5]: Entering directory '/home/vova_ubuntu/padavan-ng/trunk/libs/libz/zlib-1.3.1/build/CMakeFiles/CMakeTmp'
Building C object CMakeFiles/cmTC_23909.dir/OFF64_T.c.o
/home/vova_ubuntu/padavan-ng/trunk/../toolchain/out/bin/mipsel-linux-uclibc-gcc -DHAVE_STDDEF_H -DHAVE_STDINT_H -DHAVE_SYS_TYPES_H -D_LARGEFILE64_SOURCE=1  -Os -fomit-frame-pointer -fno-stack-protector -femit-struct-debug-baseonly -fno-var-tracking -pipe -DEMBED -I/home/vova_ubuntu/padavan-ng/trunk/stage/include -Dlinux -D__linux__ -Dunix -Wall -Wno-trigraphs -Wno-strict-aliasing -Wno-format-security -Wno-unused-but-set-variable -Wno-unused-const-variable -Wno-format-truncation -Wno-format-overflow -Wno-misleading-indentation -fconserve-stack -fno-strict-overflow -fno-var-tracking-assignments -fno-merge-all-constants -fmerge-constants -fno-stack-check -fno-delete-null-pointer-checks -Wno-pointer-sign -ffunction-sections -fdata-sections    -mips32r2 -march=mips32r2 -mtune=24kec -Os -fomit-frame-pointer -fno-stack-protector -femit-struct-debug-baseonly -fno-var-tracking -pipe -DEMBED -I/home/vova_ubuntu/padavan-ng/trunk/stage/include -Dlinux -D__linux__ -Dunix -Wall -Wno-trigraphs -Wno-strict-aliasing -Wno-format-security -Wno-unused-but-set-variable -Wno-unused-const-variable -Wno-format-truncation -Wno-format-overflow -Wno-misleading-indentation -fconserve-stack -fno-strict-overflow -fno-var-tracking-assignments -fno-merge-all-constants -fmerge-constants -fno-stack-check -fno-delete-null-pointer-checks -Wno-pointer-sign -ffunction-sections -fdata-sections -L/home/vova_ubuntu/padavan-ng/trunk/stage/lib -Wl,--gc-sections -o CMakeFiles/cmTC_23909.dir/OFF64_T.c.o -c /home/vova_ubuntu/padavan-ng/trunk/libs/libz/zlib-1.3.1/build/CMakeFiles/CheckTypeSize/OFF64_T.c
Linking C executable cmTC_23909
/usr/bin/cmake -E cmake_link_script CMakeFiles/cmTC_23909.dir/link.txt --verbose=1
/home/vova_ubuntu/padavan-ng/trunk/../toolchain/out/bin/mipsel-linux-uclibc-gcc -Os -fomit-frame-pointer -fno-stack-protector -femit-struct-debug-baseonly -fno-var-tracking -pipe -DEMBED -I/home/vova_ubuntu/padavan-ng/trunk/stage/include -Dlinux -D__linux__ -Dunix -Wall -Wno-trigraphs -Wno-strict-aliasing -Wno-format-security -Wno-unused-but-set-variable -Wno-unused-const-variable -Wno-format-truncation -Wno-format-overflow -Wno-misleading-indentation -fconserve-stack -fno-strict-overflow -fno-var-tracking-assignments -fno-merge-all-constants -fmerge-constants -fno-stack-check -fno-delete-null-pointer-checks -Wno-pointer-sign -ffunction-sections -fdata-sections  -L/home/vova_ubuntu/padavan-ng/trunk/stage/lib -Wl,--gc-sections  CMakeFiles/cmTC_23909.dir/OFF64_T.c.o -o cmTC_23909 
gmake[5]: Leaving directory '/home/vova_ubuntu/padavan-ng/trunk/libs/libz/zlib-1.3.1/build/CMakeFiles/CMakeTmp'
gmake[4]: Leaving directory '/home/vova_ubuntu/padavan-ng/trunk/libs/libz/zlib-1.3.1/build/CMakeFiles/CMakeTmp'



Determining if the function fseeko exists passed with the following output:
Change Dir: /home/vova_ubuntu/padavan-ng/trunk/libs/libz/zlib-1.3.1/build/CMakeFiles/CMakeTmp

Run Build Command(s):/usr/bin/gmake -f Makefile cmTC_df91e/fast && gmake[4]: Entering directory '/home/vova_ubuntu/padavan-ng/trunk/libs/libz/zlib-1.3.1/build/CMakeFiles/CMakeTmp'
/usr/bin/gmake  -f CMakeFiles/cmTC_df91e.dir/build.make CMakeFiles/cmTC_df91e.dir/build
gmake[5]: Entering directory '/home/vova_ubuntu/padavan-ng/trunk/libs/libz/zlib-1.3.1/build/CMakeFiles/CMakeTmp'
Building C object CMakeFiles/cmTC_df91e.dir/CheckFunctionExists.c.o
/home/vova_ubuntu/padavan-ng/trunk/../toolchain/out/bin/mipsel-linux-uclibc-gcc   -Os -fomit-frame-pointer -fno-stack-protector -femit-struct-debug-baseonly -fno-var-tracking -pipe -DEMBED -I/home/vova_ubuntu/padavan-ng/trunk/stage/include -Dlinux -D__linux__ -Dunix -Wall -Wno-trigraphs -Wno-strict-aliasing -Wno-format-security -Wno-unused-but-set-variable -Wno-unused-const-variable -Wno-format-truncation -Wno-format-overflow -Wno-misleading-indentation -fconserve-stack -fno-strict-overflow -fno-var-tracking-assignments -fno-merge-all-constants -fmerge-constants -fno-stack-check -fno-delete-null-pointer-checks -Wno-pointer-sign -ffunction-sections -fdata-sections -DCHECK_FUNCTION_EXISTS=fseeko   -mips32r2 -march=mips32r2 -mtune=24kec -Os -fomit-frame-pointer -fno-stack-protector -femit-struct-debug-baseonly -fno-var-tracking -pipe -DEMBED -I/home/vova_ubuntu/padavan-ng/trunk/stage/include -Dlinux -D__linux__ -Dunix -Wall -Wno-trigraphs -Wno-strict-aliasing -Wno-format-security -Wno-unused-but-set-variable -Wno-unused-const-variable -Wno-format-truncation -Wno-format-overflow -Wno-misleading-indentation -fconserve-stack -fno-strict-overflow -fno-var-tracking-assignments -fno-merge-all-constants -fmerge-constants -fno-stack-check -fno-delete-null-pointer-checks -Wno-pointer-sign -ffunction-sections -fdata-sections -L/home/vova_ubuntu/padavan-ng/trunk/stage/lib -Wl,--gc-sections -o CMakeFiles/cmTC_df91e.dir/CheckFunctionExists.c.o -c /usr/share/cmake-3.22/Modules/CheckFunctionExists.c
Linking C executable cmTC_df91e
/usr/bin/cmake -E cmake_link_script CMakeFiles/cmTC_df91e.dir/link.txt --verbose=1
/home/vova_ubuntu/padavan-ng/trunk/../toolchain/out/bin/mipsel-linux-uclibc-gcc -Os -fomit-frame-pointer -fno-stack-protector -femit-struct-debug-baseonly -fno-var-tracking -pipe -DEMBED -I/home/vova_ubuntu/padavan-ng/trunk/stage/include -Dlinux -D__linux__ -Dunix -Wall -Wno-trigraphs -Wno-strict-aliasing -Wno-format-security -Wno-unused-but-set-variable -Wno-unused-const-variable -Wno-format-truncation -Wno-format-overflow -Wno-misleading-indentation -fconserve-stack -fno-strict-overflow -fno-var-tracking-assignments -fno-merge-all-constants -fmerge-constants -fno-stack-check -fno-delete-null-pointer-checks -Wno-pointer-sign -ffunction-sections -fdata-sections -DCHECK_FUNCTION_EXISTS=fseeko -L/home/vova_ubuntu/padavan-ng/trunk/stage/lib -Wl,--gc-sections  CMakeFiles/cmTC_df91e.dir/CheckFunctionExists.c.o -o cmTC_df91e 
gmake[5]: Leaving directory '/home/vova_ubuntu/padavan-ng/trunk/libs/libz/zlib-1.3.1/build/CMakeFiles/CMakeTmp'
gmake[4]: Leaving directory '/home/vova_ubuntu/padavan-ng/trunk/libs/libz/zlib-1.3.1/build/CMakeFiles/CMakeTmp'



Determining if the include file unistd.h exists passed with the following output:
Change Dir: /home/vova_ubuntu/padavan-ng/trunk/libs/libz/zlib-1.3.1/build/CMakeFiles/CMakeTmp

Run Build Command(s):/usr/bin/gmake -f Makefile cmTC_c69a2/fast && gmake[4]: Entering directory '/home/vova_ubuntu/padavan-ng/trunk/libs/libz/zlib-1.3.1/build/CMakeFiles/CMakeTmp'
/usr/bin/gmake  -f CMakeFiles/cmTC_c69a2.dir/build.make CMakeFiles/cmTC_c69a2.dir/build
gmake[5]: Entering directory '/home/vova_ubuntu/padavan-ng/trunk/libs/libz/zlib-1.3.1/build/CMakeFiles/CMakeTmp'
Building C object CMakeFiles/cmTC_c69a2.dir/CheckIncludeFile.c.o
/home/vova_ubuntu/padavan-ng/trunk/../toolchain/out/bin/mipsel-linux-uclibc-gcc   -Os -fomit-frame-pointer -fno-stack-protector -femit-struct-debug-baseonly -fno-var-tracking -pipe -DEMBED -I/home/vova_ubuntu/padavan-ng/trunk/stage/include -Dlinux -D__linux__ -Dunix -Wall -Wno-trigraphs -Wno-strict-aliasing -Wno-format-security -Wno-unused-but-set-variable -Wno-unused-const-variable -Wno-format-truncation -Wno-format-overflow -Wno-misleading-indentation -fconserve-stack -fno-strict-overflow -fno-var-tracking-assignments -fno-merge-all-constants -fmerge-constants -fno-stack-check -fno-delete-null-pointer-checks -Wno-pointer-sign -ffunction-sections -fdata-sections    -mips32r2 -march=mips32r2 -mtune=24kec -Os -fomit-frame-pointer -fno-stack-protector -femit-struct-debug-baseonly -fno-var-tracking -pipe -DEMBED -I/home/vova_ubuntu/padavan-ng/trunk/stage/include -Dlinux -D__linux__ -Dunix -Wall -Wno-trigraphs -Wno-strict-aliasing -Wno-format-security -Wno-unused-but-set-variable -Wno-unused-const-variable -Wno-format-truncation -Wno-format-overflow -Wno-misleading-indentation -fconserve-stack -fno-strict-overflow -fno-var-tracking-assignments -fno-merge-all-constants -fmerge-constants -fno-stack-check -fno-delete-null-pointer-checks -Wno-pointer-sign -ffunction-sections -fdata-sections -L/home/vova_ubuntu/padavan-ng/trunk/stage/lib -Wl,--gc-sections -o CMakeFiles/cmTC_c69a2.dir/CheckIncludeFile.c.o -c /home/vova_ubuntu/padavan-ng/trunk/libs/libz/zlib-1.3.1/build/CMakeFiles/CMakeTmp/CheckIncludeFile.c
Linking C executable cmTC_c69a2
/usr/bin/cmake -E cmake_link_script CMakeFiles/cmTC_c69a2.dir/link.txt --verbose=1
/home/vova_ubuntu/padavan-ng/trunk/../toolchain/out/bin/mipsel-linux-uclibc-gcc -Os -fomit-frame-pointer -fno-stack-protector -femit-struct-debug-baseonly -fno-var-tracking -pipe -DEMBED -I/home/vova_ubuntu/padavan-ng/trunk/stage/include -Dlinux -D__linux__ -Dunix -Wall -Wno-trigraphs -Wno-strict-aliasing -Wno-format-security -Wno-unused-but-set-variable -Wno-unused-const-variable -Wno-format-truncation -Wno-format-overflow -Wno-misleading-indentation -fconserve-stack -fno-strict-overflow -fno-var-tracking-assignments -fno-merge-all-constants -fmerge-constants -fno-stack-check -fno-delete-null-pointer-checks -Wno-pointer-sign -ffunction-sections -fdata-sections  -L/home/vova_ubuntu/padavan-ng/trunk/stage/lib -Wl,--gc-sections  CMakeFiles/cmTC_c69a2.dir/CheckIncludeFile.c.o -o cmTC_c69a2 
gmake[5]: Leaving directory '/home/vova_ubuntu/padavan-ng/trunk/libs/libz/zlib-1.3.1/build/CMakeFiles/CMakeTmp'
gmake[4]: Leaving directory '/home/vova_ubuntu/padavan-ng/trunk/libs/libz/zlib-1.3.1/build/CMakeFiles/CMakeTmp'



